// Snapshot v1

exports[`panels > should open panels > 1: Tab groups - initial load 1`] = `
[
  {
    "group": 1,
    "isSelected": true,
    "text": "simple_ticking3.py",
  },
  {
    "group": 2,
    "isSelected": true,
    "text": "test.py",
  },
  {
    "group": 3,
    "text": "t1",
  },
  {
    "group": 3,
    "text": "t2",
  },
  {
    "group": 3,
    "isSelected": true,
    "text": "t3",
  },
]
`;

exports[`panels > should open panels > 2: Tab groups - after clicking t1 1`] = `
[
  {
    "group": 1,
    "isSelected": true,
    "text": "simple_ticking3.py",
  },
  {
    "group": 2,
    "isSelected": true,
    "text": "test.py",
  },
  {
    "group": 3,
    "isSelected": true,
    "text": "t1",
  },
  {
    "group": 3,
    "text": "t2",
  },
  {
    "group": 3,
    "text": "t3",
  },
]
`;

exports[`panels > should open panels > 3: Tab groups - re-run after closing t1 and t2 1`] = `
[
  {
    "group": 1,
    "isSelected": true,
    "text": "simple_ticking3.py",
  },
  {
    "group": 2,
    "isSelected": true,
    "text": "test.py",
  },
  {
    "group": 3,
    "isSelected": true,
    "text": "t3",
  },
  {
    "group": 3,
    "text": "t1",
  },
  {
    "group": 3,
    "text": "t2",
  },
]
`;

exports[`panels > should open panels > 4: Tab groups - after dragging t1 to a new tab group 1`] = `
[
  {
    "group": 1,
    "isSelected": true,
    "text": "simple_ticking3.py",
  },
  {
    "group": 2,
    "isSelected": true,
    "text": "test.py",
  },
  {
    "group": 3,
    "text": "t1",
  },
  {
    "group": 3,
    "isSelected": true,
    "text": "t2",
  },
  {
    "group": 4,
    "isSelected": true,
    "text": "t3",
  },
]
`;

exports[`panels > should open panels > 5: Tab groups - multiple tab groups re-run after closing t1 1`] = `
[
  {
    "group": 1,
    "isSelected": true,
    "text": "simple_ticking3.py",
  },
  {
    "group": 2,
    "isSelected": true,
    "text": "test.py",
  },
  {
    "group": 3,
    "isSelected": true,
    "text": "t2",
  },
  {
    "group": 4,
    "isSelected": true,
    "text": "t3",
  },
  {
    "group": 4,
    "text": "t1",
  },
]
`;
