// Vitest Snapshot v1, https://vitest.dev/guide/snapshot.html

exports[`createConnectTextAndTooltip > should return text and tooltip: 'connected' 1`] = `
{
  "text": "$(vm-connect) DHC: localhost:10000",
  "tooltip": "Connected to http://localhost:10000",
}
`;

exports[`createConnectTextAndTooltip > should return text and tooltip: 'connecting' 1`] = `
{
  "text": "$(sync~spin) Deephaven: Connecting...",
  "tooltip": "Connecting to http://localhost:10000...",
}
`;

exports[`createConnectTextAndTooltip > should return text and tooltip: 'disconnected' 1`] = `
{
  "text": "$(debug-disconnect) Deephaven: Disconnected",
  "tooltip": "Connect to Deephaven",
}
`;

exports[`createConnectionOptions > should return connection options: 'http://localhost:10000':'python' 1`] = `
[
  {
    "consoleType": "python",
    "label": "DHC: localhost:10000",
    "type": "DHC",
    "url": "http://localhost:10000",
  },
]
`;

exports[`createConnectionOptions > should return connection options: 'http://localhost:10001':'groovy' 1`] = `
[
  {
    "consoleType": "groovy",
    "label": "DHC: localhost:10001",
    "type": "DHC",
    "url": "http://localhost:10001",
  },
]
`;
